mktextfm ecrm1095
mktextfm pplr7t
mktextfm pplr7t
mktextfm pplb7t
mktextfm pplr7t
mktextfm pplr7t
mktextfm pplr7t
mktextfm zplmr7m
mktextfm zplmr7m
mktextfm zplmr7m
mktextfm zplmr7y
mktextfm zplmr7y
mktextfm zplmr7y
mktextfm zplmr7v
mktextfm zplmr7v
mktextfm zplmr7v
mktextfm zplmr7t
mktextfm zplmr7t
mktextfm zplmr7t
mktextfm pplr7t
mktextfm pplb7t
mktextfm pplr7t
mktextfm pplr7t
mktextfm zplmr7m
mktextfm zplmr7m
mktextfm zplmr7m
mktextfm zplmr7y
mktextfm zplmr7y
mktextfm zplmr7y
mktextfm zplmr7v
mktextfm zplmr7v
mktextfm zplmr7v
mktextfm zplmr7t
mktextfm zplmr7t
mktextfm zplmr7t
mktextfm zplmb7t
mktextfm zplmb7t
mktextfm zplmb7t
mktextfm fplmbb
mktextfm fplmbb
mktextfm fplmbb
mktexpk --mfmode / --bdpi 600 --mag 1+0/600 --dpi 600 cmmi8
mktextfm ecrm1095
mktextfm ecrm1728
mktextfm ecbx1728
mktextfm ecrm1200
mktextfm ecrm1440
mktextfm ecbx1440
mktexpk --mfmode / --bdpi 600 --mag 1+0/600 --dpi 600 cmmi8
mktexpk --mfmode / --bdpi 600 --mag 1+120/600 --dpi 720 cmbx12
mktexpk --mfmode / --bdpi 600 --mag 1+120/600 --dpi 720 cmbx12
mktexpk --mfmode / --bdpi 600 --mag 1+0/600 --dpi 600 cmbx12
mktextfm tcrm1000
mktexpk --mfmode / --bdpi 600 --mag 1+0/600 --dpi 600 cmti9
mktextfm tcrm1000
mktexpk --mfmode / --bdpi 600 --mag 1+0/600 --dpi 600 cmti9
mktextfm tcrm1000
mktexpk --mfmode / --bdpi 600 --mag 1+0/600 --dpi 600 cmmi5
mktexpk --mfmode / --bdpi 600 --mag 1+0/600 --dpi 600 cmbx7
mktexpk --mfmode / --bdpi 600 --mag 1+0/600 --dpi 600 cmtt10
mktexpk --mfmode / --bdpi 600 --mag 1+0/600 --dpi 600 cmbxti10
mktexpk --mfmode / --bdpi 600 --mag 1+0/600 --dpi 600 cmbx12
mktextfm tcrm1095
mktexpk --mfmode / --bdpi 600 --mag 1+57/600 --dpi 657 cmtt10
mktextfm tcrm1000
mktexpk --mfmode / --bdpi 600 --mag 1+0/600 --dpi 600 cmtt10
mktexpk --mfmode / --bdpi 600 --mag 1+0/600 --dpi 600 cmtt10
mktexpk --mfmode / --bdpi 600 --mag 1+0/600 --dpi 600 cmmi5
mktexpk --mfmode / --bdpi 600 --mag 1+0/600 --dpi 600 cmti12
mktexpk --mfmode / --bdpi 600 --mag 1+57/600 --dpi 657 cmr10
mktexpk --mfmode / --bdpi 600 --mag 1+0/600 --dpi 600 cmbx12
mktextfm rsfs10
mktextfm rsfs10
mktexpk --mfmode / --bdpi 600 --mag 0+480/600 --dpi 480 cmsy10
mktexpk --mfmode / --bdpi 600 --mag 0+480/600 --dpi 480 cmsy10
mktexpk --mfmode / --bdpi 600 --mag 0+480/600 --dpi 480 cmsy10
